Это первая страница
Продолжение первой страницы
 с переносом
	
1
	
Вторая страница начинается здесь
Еще текст на второй странице
	
2
	
Третья страница
Последняя строка третьей страницы
 с переносом
3
